Script started on 2022-03-24 18:08:55+02:00 [TERM="xterm-256color" TTY="/dev/pts/7" COLUMNS="114" LINES="37"]
]0;rasmusniemi@DESKTOP-NP0L24S: ~/full-stack-mooc/part12-containers-applications/todo-app/todo-backend[01;32mrasmusniemi@DESKTOP-NP0L24S[00m:[01;34m~/full-stack-mooc/part12-containers-applications/todo-app/todo-backend[00m$ exitdocker exec -it mongo [A]0;rasmusniemi@DESKTOP-NP0L24S: ~/full-stack-mooc/part12-containers-applications/todo-app/todo-backend[01;32mrasmusniemi@DESKTOP-NP0L24S[00m:[01;34m~/full-stack-mooc/part12-containers-applications/todo-app/todo-backend[00m$ [C[C[C[C[C[C[C[C[C[C[C[Cmongo[K[A]0;rasmusniemi@DESKTOP-NP0L24S: ~/full-stack-mooc/part12-containers-applications/todo-app/todo-backend[01;32mrasmusniemi@DESKTOP-NP0L24S[00m:[01;34m~/full-stack-mooc/part12-containers-applications/todo-app/todo-backend[00m$ [C[C[C[C[C[C[C[C[C[C[C[C[K
[K[A[C[C[C[C[C[C[C[C[C[C[C[C[C[C[C[C[C[C[C[C[C[C[C[C[C[C[C[C[C[C[C[C[C[C[C[C[C[C[C[C[C[C[C[C[C[C[C[C[C[C[C[C[C[C[C[C[C[C[C[C[C[C[C[C[C[C[C[C[C[C[C[C[C[C[C[C[C[C[C[C[C[C[C[C[C[C[C[C[C[C[C[C[C[C[C[C[C[C[C[C[C[C[C[C[C[C[C[C[C[C[C[Crun -d mongo [A]0;rasmusniemi@DESKTOP-NP0L24S: ~/full-stack-mooc/part12-containers-applications/todo-app/todo-backend[01;32mrasmusniemi@DESKTOP-NP0L24S[00m:[01;34m~/full-stack-mooc/part12-containers-applications/todo-app/todo-backend[00m$ [C[C[C[C[C[C[C[C[C[C[Cmong[C[1P -d[A]0;rasmusniemi@DESKTOP-NP0L24S: ~/full-stack-mooc/part12-containers-applications/todo-app/todo-backend[01;32mrasmusniemi@DESKTOP-NP0L24S[00m:[01;34m~/full-stack-mooc/part12-containers-applications/todo-app/todo-backend[00m$ exit[K
[K[A[C[C[C[C[C[C[C[C[C[C[C[C[C[C[C[C[C[C[C[C[C[C[C[C[C[C[C[C[C[C[C[C[C[C[C[C[C[C[C[C[C[C[C[C[C[C[C[C[C[C[C[C[C[C[C[C[C[C[C[C[C[C[C[C[C[C[C[C[C[C[C[C[C[C[C[C[C[C[C[C[C[C[C[C[C[C[C[C[C[C[C[C[C[C[C[C[C[C[C[C[C[C[C[Cdocker run mongo[A]0;rasmusniemi@DESKTOP-NP0L24S: ~/full-stack-mooc/part12-containers-applications/todo-app/todo-backend[01;32mrasmusniemi@DESKTOP-NP0L24S[00m:[01;34m~/full-stack-mooc/part12-containers-applications/todo-app/todo-backend[00m$ exit[K
[K[A[C[C[C[C[C[C[C[C[C[C[C[C[C[C[C[C[C[C[C[C[C[C[C[C[C[C[C[C[C[C[C[C[C[C[C[C[C[C[C[C[C[C[C[C[C[C[C[C[C[C[C[C[C[C[C[C[C[C[C[C[C[C[C[C[C[C[C[C[C[C[C[C[C[C[C[C[C[C[C[C[C[C[C[C[C[C[C[C[C[C[C[C[C[C[C[C[C[C[C[C[C[C[C[Cdocker run -p 3000:3000 todo-app[A]0;rasmusniemi@DESKTOP-NP0L24S: ~/full-stack-mooc/part12-containers-applications/todo-app/todo-backend[01;32mrasmusniemi@DESKTOP-NP0L24S[00m:[01;34m~/full-stack-mooc/part12-containers-applications/todo-app/todo-backend[00m$ [C[C[C[C[C[C[C[C[C[C[C[K
[K[A[C[C[C[C[C[C[C[C[C[C[C[C[C[C[C[C[C[C[C[C[C[C[C[C[C[C[C[C[C[C[C[C[C[C[C[C[C[C[C[C[C[C[C[C[C[C[C[C[C[C[C[C[C[C[C[C[C[C[C[C[C[C[C[C[C[C[C[C[C[C[C[C[C[C[C[C[C[C[C[C[C[C[C[C[C[C[C[C[C[C[C[C[C[C[C[C[C[C[C[C[C[C[C[C[C[C[C[C[C[C[C-p 3000:3000 todo-app[A]0;rasmusniemi@DESKTOP-NP0L24S: ~/full-stack-mooc/part12-containers-applications/todo-app/todo-backend[01;32mrasmusniemi@DESKTOP-NP0L24S[00m:[01;34m~/full-stack-mooc/part12-containers-applications/todo-app/todo-backend[00m$ exit[K
[K[A[C[C[C[C[C[C[C[C[C[C[C[C[C[C[C[C[C[C[C[C[C[C[C[C[C[C[C[C[C[C[C[C[C[C[C[C[C[C[C[C[C[C[C[C[C[C[C[C[C[C[C[C[C[C[C[C[C[C[C[C[C[C[C[C[C[C[C[C[C[C[C[C[C[C[C[C[C[C[C[C[C[C[C[C[C[C[C[C[C[C[C[C[C[C[C[C[C[C[C[C[C[C[C[Cdocker run -p 3000:3000 todo-app[A]0;rasmusniemi@DESKTOP-NP0L24S: ~/full-stack-mooc/part12-containers-applications/todo-app/todo-backend[01;32mrasmusniemi@DESKTOP-NP0L24S[00m:[01;34m~/full-stack-mooc/part12-containers-applications/todo-app/todo-backend[00m$ exit[K
[K[A[C[C[C[C[C[C[C[C[C[C[C[C[C[C[C[C[C[C[C[C[C[C[C[C[C[C[C[C[C[C[C[C[C[C[C[C[C[C[C[C[C[C[C[C[C[C[C[C[C[C[C[C[C[C[C[C[C[C[C[C[C[C[C[C[C[C[C[C[C[C[C[C[C[C[C[C[C[C[C[C[C[C[C[C[C[C[C[C[C[C[C[C[C[C[C[C[C[C[C[C[C[C[C[Cdocker run mongo[A]0;rasmusniemi@DESKTOP-NP0L24S: ~/full-stack-mooc/part12-containers-applications/todo-app/todo-backend[01;32mrasmusniemi@DESKTOP-NP0L24S[00m:[01;34m~/full-stack-mooc/part12-containers-applications/todo-app/todo-backend[00m$ exit[K
[K[A[C[C[C[C[C[C[C[C[C[C[C[C[C[C[C[C[C[C[C[C[C[C[C[C[C[C[C[C[C[C[C[C[C[C[C[C[C[C[C[C[C[C[C[C[C[C[C[C[C[C[C[C[C[C[C[C[C[C[C[C[C[C[C[C[C[C[C[C[C[C[C[C[C[C[C[C[C[C[C[C[C[C[C[C[C[C[C[C[C[C[C[C[C[C[C[C[C[C[C[C[C[C[C[Cdocker run mongo
{"t":{"$date":"2022-03-24T16:09:04.623+00:00"},"s":"I",  "c":"CONTROL",  "id":23285,   "ctx":"-","msg":"Automatically disabling TLS 1.0, to force-enable TLS 1.0 specify --sslDisabledProtocols 'none'"}
{"t":{"$date":"2022-03-24T16:09:04.626+00:00"},"s":"I",  "c":"NETWORK",  "id":4915701, "ctx":"main","msg":"Initialized wire specification","attr":{"spec":{"incomingExternalClient":{"minWireVersion":0,"maxWireVersion":13},"incomingInternalClient":{"minWireVersion":0,"maxWireVersion":13},"outgoing":{"minWireVersion":0,"maxWireVersion":13},"isInternalClient":true}}}
{"t":{"$date":"2022-03-24T16:09:04.626+00:00"},"s":"W",  "c":"ASIO",     "id":22601,   "ctx":"main","msg":"No TransportLayer configured during NetworkInterface startup"}
{"t":{"$date":"2022-03-24T16:09:04.627+00:00"},"s":"I",  "c":"NETWORK",  "id":4648601, "ctx":"main","msg":"Implicit TCP FastOpen unavailable. If TCP FastOpen is required, set tcpFastOpenServer, tcpFastOpenClient, and tcpFastOpenQueueSize."}
{"t":{"$date":"2022-03-24T16:09:04.629+00:00"},"s":"W",  "c":"ASIO",     "id":22601,   "ctx":"main","msg":"No TransportLayer configured during NetworkInterface startup"}
{"t":{"$date":"2022-03-24T16:09:04.629+00:00"},"s":"I",  "c":"REPL",     "id":5123008, "ctx":"main","msg":"Successfully registered PrimaryOnlyService","attr":{"service":"TenantMigrationDonorService","ns":"config.tenantMigrationDonors"}}
{"t":{"$date":"2022-03-24T16:09:04.629+00:00"},"s":"I",  "c":"REPL",     "id":5123008, "ctx":"main","msg":"Successfully registered PrimaryOnlyService","attr":{"service":"TenantMigrationRecipientService","ns":"config.tenantMigrationRecipients"}}
{"t":{"$date":"2022-03-24T16:09:04.629+00:00"},"s":"I",  "c":"CONTROL",  "id":5945603, "ctx":"main","msg":"Multi threading initialized"}
{"t":{"$date":"2022-03-24T16:09:04.630+00:00"},"s":"I",  "c":"CONTROL",  "id":4615611, "ctx":"initandlisten","msg":"MongoDB starting","attr":{"pid":1,"port":27017,"dbPath":"/data/db","architecture":"64-bit","host":"195916fae1b8"}}
{"t":{"$date":"2022-03-24T16:09:04.630+00:00"},"s":"I",  "c":"CONTROL",  "id":23403,   "ctx":"initandlisten","msg":"Build Info","attr":{"buildInfo":{"version":"5.0.6","gitVersion":"212a8dbb47f07427dae194a9c75baec1d81d9259","openSSLVersion":"OpenSSL 1.1.1f  31 Mar 2020","modules":[],"allocator":"tcmalloc","environment":{"distmod":"ubuntu2004","distarch":"x86_64","target_arch":"x86_64"}}}}
{"t":{"$date":"2022-03-24T16:09:04.630+00:00"},"s":"I",  "c":"CONTROL",  "id":51765,   "ctx":"initandlisten","msg":"Operating System","attr":{"os":{"name":"Ubuntu","version":"20.04"}}}
{"t":{"$date":"2022-03-24T16:09:04.630+00:00"},"s":"I",  "c":"CONTROL",  "id":21951,   "ctx":"initandlisten","msg":"Options set by command line","attr":{"options":{"net":{"bindIp":"*"}}}}
{"t":{"$date":"2022-03-24T16:09:04.633+00:00"},"s":"I",  "c":"STORAGE",  "id":22297,   "ctx":"initandlisten","msg":"Using the XFS filesystem is strongly recommended with the WiredTiger storage engine. See http://dochub.mongodb.org/core/prodnotes-filesystem","tags":["startupWarnings"]}
{"t":{"$date":"2022-03-24T16:09:04.633+00:00"},"s":"I",  "c":"STORAGE",  "id":22315,   "ctx":"initandlisten","msg":"Opening WiredTiger","attr":{"config":"create,cache_size=2613M,session_max=33000,eviction=(threads_min=4,threads_max=4),config_base=false,statistics=(fast),log=(enabled=true,archive=true,path=journal,compressor=snappy),builtin_extension_config=(zstd=(compression_level=6)),file_manager=(close_idle_time=600,close_scan_interval=10,close_handle_minimum=250),statistics_log=(wait=0),verbose=[recovery_progress,checkpoint_progress,compact_progress],"}}
{"t":{"$date":"2022-03-24T16:09:05.241+00:00"},"s":"I",  "c":"STORAGE",  "id":22430,   "ctx":"initandlisten","msg":"WiredTiger message","attr":{"message":"[1648138145:241532][1:0x7f0ac1846c80], txn-recover: [WT_VERB_RECOVERY_ALL] Set global recovery timestamp: (0, 0)"}}
{"t":{"$date":"2022-03-24T16:09:05.241+00:00"},"s":"I",  "c":"STORAGE",  "id":22430,   "ctx":"initandlisten","msg":"WiredTiger message","attr":{"message":"[1648138145:241597][1:0x7f0ac1846c80], txn-recover: [WT_VERB_RECOVERY_ALL] Set global oldest timestamp: (0, 0)"}}
{"t":{"$date":"2022-03-24T16:09:05.258+00:00"},"s":"I",  "c":"STORAGE",  "id":4795906, "ctx":"initandlisten","msg":"WiredTiger opened","attr":{"durationMillis":625}}
{"t":{"$date":"2022-03-24T16:09:05.258+00:00"},"s":"I",  "c":"RECOVERY", "id":23987,   "ctx":"initandlisten","msg":"WiredTiger recoveryTimestamp","attr":{"recoveryTimestamp":{"$timestamp":{"t":0,"i":0}}}}
{"t":{"$date":"2022-03-24T16:09:05.294+00:00"},"s":"I",  "c":"STORAGE",  "id":4366408, "ctx":"initandlisten","msg":"No table logging settings modifications are required for existing WiredTiger tables","attr":{"loggingEnabled":true}}
{"t":{"$date":"2022-03-24T16:09:05.294+00:00"},"s":"I",  "c":"STORAGE",  "id":22262,   "ctx":"initandlisten","msg":"Timestamp monitor starting"}
{"t":{"$date":"2022-03-24T16:09:05.305+00:00"},"s":"W",  "c":"CONTROL",  "id":22120,   "ctx":"initandlisten","msg":"Access control is not enabled for the database. Read and write access to data and configuration is unrestricted","tags":["startupWarnings"]}
{"t":{"$date":"2022-03-24T16:09:05.305+00:00"},"s":"W",  "c":"CONTROL",  "id":22178,   "ctx":"initandlisten","msg":"/sys/kernel/mm/transparent_hugepage/enabled is 'always'. We suggest setting it to 'never'","tags":["startupWarnings"]}
{"t":{"$date":"2022-03-24T16:09:05.306+00:00"},"s":"I",  "c":"STORAGE",  "id":20320,   "ctx":"initandlisten","msg":"createCollection","attr":{"namespace":"admin.system.version","uuidDisposition":"provided","uuid":{"uuid":{"$uuid":"5a588716-4f33-4106-ae77-ac35bebd97ae"}},"options":{"uuid":{"$uuid":"5a588716-4f33-4106-ae77-ac35bebd97ae"}}}}
{"t":{"$date":"2022-03-24T16:09:05.329+00:00"},"s":"I",  "c":"INDEX",    "id":20345,   "ctx":"initandlisten","msg":"Index build: done building","attr":{"buildUUID":null,"namespace":"admin.system.version","index":"_id_","commitTimestamp":null}}
{"t":{"$date":"2022-03-24T16:09:05.329+00:00"},"s":"I",  "c":"REPL",     "id":20459,   "ctx":"initandlisten","msg":"Setting featureCompatibilityVersion","attr":{"newVersion":"5.0"}}
{"t":{"$date":"2022-03-24T16:09:05.329+00:00"},"s":"I",  "c":"NETWORK",  "id":4915702, "ctx":"initandlisten","msg":"Updated wire specification","attr":{"oldSpec":{"incomingExternalClient":{"minWireVersion":0,"maxWireVersion":13},"incomingInternalClient":{"minWireVersion":0,"maxWireVersion":13},"outgoing":{"minWireVersion":0,"maxWireVersion":13},"isInternalClient":true},"newSpec":{"incomingExternalClient":{"minWireVersion":0,"maxWireVersion":13},"incomingInternalClient":{"minWireVersion":13,"maxWireVersion":13},"outgoing":{"minWireVersion":13,"maxWireVersion":13},"isInternalClient":true}}}
{"t":{"$date":"2022-03-24T16:09:05.329+00:00"},"s":"I",  "c":"NETWORK",  "id":4915702, "ctx":"initandlisten","msg":"Updated wire specification","attr":{"oldSpec":{"incomingExternalClient":{"minWireVersion":0,"maxWireVersion":13},"incomingInternalClient":{"minWireVersion":13,"maxWireVersion":13},"outgoing":{"minWireVersion":13,"maxWireVersion":13},"isInternalClient":true},"newSpec":{"incomingExternalClient":{"minWireVersion":0,"maxWireVersion":13},"incomingInternalClient":{"minWireVersion":13,"maxWireVersion":13},"outgoing":{"minWireVersion":13,"maxWireVersion":13},"isInternalClient":true}}}
{"t":{"$date":"2022-03-24T16:09:05.329+00:00"},"s":"I",  "c":"STORAGE",  "id":5071100, "ctx":"initandlisten","msg":"Clearing temp directory"}
{"t":{"$date":"2022-03-24T16:09:05.329+00:00"},"s":"I",  "c":"CONTROL",  "id":20536,   "ctx":"initandlisten","msg":"Flow Control is enabled on this deployment"}
{"t":{"$date":"2022-03-24T16:09:05.347+00:00"},"s":"I",  "c":"FTDC",     "id":20625,   "ctx":"initandlisten","msg":"Initializing full-time diagnostic data capture","attr":{"dataDirectory":"/data/db/diagnostic.data"}}
{"t":{"$date":"2022-03-24T16:09:05.347+00:00"},"s":"I",  "c":"STORAGE",  "id":20320,   "ctx":"initandlisten","msg":"createCollection","attr":{"namespace":"local.startup_log","uuidDisposition":"generated","uuid":{"uuid":{"$uuid":"2cb9e3ac-5eeb-4df9-b3ef-041a27dd20a4"}},"options":{"capped":true,"size":10485760}}}
{"t":{"$date":"2022-03-24T16:09:05.373+00:00"},"s":"I",  "c":"INDEX",    "id":20345,   "ctx":"initandlisten","msg":"Index build: done building","attr":{"buildUUID":null,"namespace":"local.startup_log","index":"_id_","commitTimestamp":null}}
{"t":{"$date":"2022-03-24T16:09:05.374+00:00"},"s":"I",  "c":"REPL",     "id":6015317, "ctx":"initandlisten","msg":"Setting new configuration state","attr":{"newState":"ConfigReplicationDisabled","oldState":"ConfigPreStart"}}
{"t":{"$date":"2022-03-24T16:09:05.376+00:00"},"s":"I",  "c":"CONTROL",  "id":20712,   "ctx":"LogicalSessionCacheReap","msg":"Sessions collection is not set up; waiting until next sessions reap interval","attr":{"error":"NamespaceNotFound: config.system.sessions does not exist"}}
{"t":{"$date":"2022-03-24T16:09:05.376+00:00"},"s":"I",  "c":"STORAGE",  "id":20320,   "ctx":"LogicalSessionCacheRefresh","msg":"createCollection","attr":{"namespace":"config.system.sessions","uuidDisposition":"generated","uuid":{"uuid":{"$uuid":"59dfe33c-63f6-4b7a-9432-a96155d9dcd5"}},"options":{}}}
{"t":{"$date":"2022-03-24T16:09:05.376+00:00"},"s":"I",  "c":"NETWORK",  "id":23015,   "ctx":"listener","msg":"Listening on","attr":{"address":"/tmp/mongodb-27017.sock"}}
{"t":{"$date":"2022-03-24T16:09:05.377+00:00"},"s":"I",  "c":"NETWORK",  "id":23015,   "ctx":"listener","msg":"Listening on","attr":{"address":"0.0.0.0"}}
{"t":{"$date":"2022-03-24T16:09:05.377+00:00"},"s":"I",  "c":"NETWORK",  "id":23016,   "ctx":"listener","msg":"Waiting for connections","attr":{"port":27017,"ssl":"off"}}
{"t":{"$date":"2022-03-24T16:09:05.416+00:00"},"s":"I",  "c":"INDEX",    "id":20345,   "ctx":"LogicalSessionCacheRefresh","msg":"Index build: done building","attr":{"buildUUID":null,"namespace":"config.system.sessions","index":"_id_","commitTimestamp":null}}
{"t":{"$date":"2022-03-24T16:09:05.416+00:00"},"s":"I",  "c":"INDEX",    "id":20345,   "ctx":"LogicalSessionCacheRefresh","msg":"Index build: done building","attr":{"buildUUID":null,"namespace":"config.system.sessions","index":"lsidTTLIndex","commitTimestamp":null}}
^C{"t":{"$date":"2022-03-24T16:09:07.412+00:00"},"s":"I",  "c":"CONTROL",  "id":23377,   "ctx":"SignalHandler","msg":"Received signal","attr":{"signal":2,"error":"Interrupt"}}
{"t":{"$date":"2022-03-24T16:09:07.412+00:00"},"s":"I",  "c":"CONTROL",  "id":23378,   "ctx":"SignalHandler","msg":"Signal was sent by kill(2)","attr":{"pid":0,"uid":0}}
{"t":{"$date":"2022-03-24T16:09:07.412+00:00"},"s":"I",  "c":"CONTROL",  "id":23381,   "ctx":"SignalHandler","msg":"will terminate after current cmd ends"}
{"t":{"$date":"2022-03-24T16:09:07.413+00:00"},"s":"I",  "c":"REPL",     "id":4784900, "ctx":"SignalHandler","msg":"Stepping down the ReplicationCoordinator for shutdown","attr":{"waitTimeMillis":15000}}
{"t":{"$date":"2022-03-24T16:09:07.413+00:00"},"s":"I",  "c":"REPL",     "id":4794602, "ctx":"SignalHandler","msg":"Attempting to enter quiesce mode"}
{"t":{"$date":"2022-03-24T16:09:07.413+00:00"},"s":"I",  "c":"COMMAND",  "id":4784901, "ctx":"SignalHandler","msg":"Shutting down the MirrorMaestro"}
{"t":{"$date":"2022-03-24T16:09:07.413+00:00"},"s":"I",  "c":"SHARDING", "id":4784902, "ctx":"SignalHandler","msg":"Shutting down the WaitForMajorityService"}
{"t":{"$date":"2022-03-24T16:09:07.413+00:00"},"s":"I",  "c":"CONTROL",  "id":4784903, "ctx":"SignalHandler","msg":"Shutting down the LogicalSessionCache"}
{"t":{"$date":"2022-03-24T16:09:07.413+00:00"},"s":"I",  "c":"NETWORK",  "id":20562,   "ctx":"SignalHandler","msg":"Shutdown: going to close listening sockets"}
{"t":{"$date":"2022-03-24T16:09:07.414+00:00"},"s":"I",  "c":"NETWORK",  "id":23017,   "ctx":"listener","msg":"removing socket file","attr":{"path":"/tmp/mongodb-27017.sock"}}
{"t":{"$date":"2022-03-24T16:09:07.414+00:00"},"s":"I",  "c":"NETWORK",  "id":4784905, "ctx":"SignalHandler","msg":"Shutting down the global connection pool"}
{"t":{"$date":"2022-03-24T16:09:07.414+00:00"},"s":"I",  "c":"CONTROL",  "id":4784906, "ctx":"SignalHandler","msg":"Shutting down the FlowControlTicketholder"}
{"t":{"$date":"2022-03-24T16:09:07.414+00:00"},"s":"I",  "c":"-",        "id":20520,   "ctx":"SignalHandler","msg":"Stopping further Flow Control ticket acquisitions."}
{"t":{"$date":"2022-03-24T16:09:07.414+00:00"},"s":"I",  "c":"CONTROL",  "id":4784908, "ctx":"SignalHandler","msg":"Shutting down the PeriodicThreadToAbortExpiredTransactions"}
{"t":{"$date":"2022-03-24T16:09:07.414+00:00"},"s":"I",  "c":"REPL",     "id":4784909, "ctx":"SignalHandler","msg":"Shutting down the ReplicationCoordinator"}
{"t":{"$date":"2022-03-24T16:09:07.414+00:00"},"s":"I",  "c":"SHARDING", "id":4784910, "ctx":"SignalHandler","msg":"Shutting down the ShardingInitializationMongoD"}
{"t":{"$date":"2022-03-24T16:09:07.414+00:00"},"s":"I",  "c":"REPL",     "id":4784911, "ctx":"SignalHandler","msg":"Enqueuing the ReplicationStateTransitionLock for shutdown"}
{"t":{"$date":"2022-03-24T16:09:07.414+00:00"},"s":"I",  "c":"-",        "id":4784912, "ctx":"SignalHandler","msg":"Killing all operations for shutdown"}
{"t":{"$date":"2022-03-24T16:09:07.414+00:00"},"s":"I",  "c":"-",        "id":4695300, "ctx":"SignalHandler","msg":"Interrupted all currently running operations","attr":{"opsKilled":3}}
{"t":{"$date":"2022-03-24T16:09:07.414+00:00"},"s":"I",  "c":"TENANT_M", "id":5093807, "ctx":"SignalHandler","msg":"Shutting down all TenantMigrationAccessBlockers on global shutdown"}
{"t":{"$date":"2022-03-24T16:09:07.414+00:00"},"s":"I",  "c":"COMMAND",  "id":4784913, "ctx":"SignalHandler","msg":"Shutting down all open transactions"}
{"t":{"$date":"2022-03-24T16:09:07.414+00:00"},"s":"I",  "c":"REPL",     "id":4784914, "ctx":"SignalHandler","msg":"Acquiring the ReplicationStateTransitionLock for shutdown"}
{"t":{"$date":"2022-03-24T16:09:07.414+00:00"},"s":"I",  "c":"INDEX",    "id":4784915, "ctx":"SignalHandler","msg":"Shutting down the IndexBuildsCoordinator"}
{"t":{"$date":"2022-03-24T16:09:07.414+00:00"},"s":"I",  "c":"REPL",     "id":4784916, "ctx":"SignalHandler","msg":"Reacquiring the ReplicationStateTransitionLock for shutdown"}
{"t":{"$date":"2022-03-24T16:09:07.414+00:00"},"s":"I",  "c":"REPL",     "id":4784917, "ctx":"SignalHandler","msg":"Attempting to mark clean shutdown"}
{"t":{"$date":"2022-03-24T16:09:07.414+00:00"},"s":"I",  "c":"NETWORK",  "id":4784918, "ctx":"SignalHandler","msg":"Shutting down the ReplicaSetMonitor"}
{"t":{"$date":"2022-03-24T16:09:07.414+00:00"},"s":"I",  "c":"SHARDING", "id":4784921, "ctx":"SignalHandler","msg":"Shutting down the MigrationUtilExecutor"}
{"t":{"$date":"2022-03-24T16:09:07.414+00:00"},"s":"I",  "c":"ASIO",     "id":22582,   "ctx":"MigrationUtil-TaskExecutor","msg":"Killing all outstanding egress activity."}
{"t":{"$date":"2022-03-24T16:09:07.414+00:00"},"s":"I",  "c":"COMMAND",  "id":4784923, "ctx":"SignalHandler","msg":"Shutting down the ServiceEntryPoint"}
{"t":{"$date":"2022-03-24T16:09:07.414+00:00"},"s":"I",  "c":"CONTROL",  "id":4784925, "ctx":"SignalHandler","msg":"Shutting down free monitoring"}
{"t":{"$date":"2022-03-24T16:09:07.414+00:00"},"s":"I",  "c":"CONTROL",  "id":20609,   "ctx":"SignalHandler","msg":"Shutting down free monitoring"}
{"t":{"$date":"2022-03-24T16:09:07.415+00:00"},"s":"I",  "c":"CONTROL",  "id":4784927, "ctx":"SignalHandler","msg":"Shutting down the HealthLog"}
{"t":{"$date":"2022-03-24T16:09:07.415+00:00"},"s":"I",  "c":"CONTROL",  "id":4784928, "ctx":"SignalHandler","msg":"Shutting down the TTL monitor"}
{"t":{"$date":"2022-03-24T16:09:07.415+00:00"},"s":"I",  "c":"INDEX",    "id":3684100, "ctx":"SignalHandler","msg":"Shutting down TTL collection monitor thread"}
{"t":{"$date":"2022-03-24T16:09:07.415+00:00"},"s":"I",  "c":"INDEX",    "id":3684101, "ctx":"SignalHandler","msg":"Finished shutting down TTL collection monitor thread"}
{"t":{"$date":"2022-03-24T16:09:07.415+00:00"},"s":"I",  "c":"CONTROL",  "id":4784929, "ctx":"SignalHandler","msg":"Acquiring the global lock for shutdown"}
{"t":{"$date":"2022-03-24T16:09:07.415+00:00"},"s":"I",  "c":"CONTROL",  "id":4784930, "ctx":"SignalHandler","msg":"Shutting down the storage engine"}
{"t":{"$date":"2022-03-24T16:09:07.415+00:00"},"s":"I",  "c":"STORAGE",  "id":22320,   "ctx":"SignalHandler","msg":"Shutting down journal flusher thread"}
{"t":{"$date":"2022-03-24T16:09:07.416+00:00"},"s":"I",  "c":"STORAGE",  "id":22321,   "ctx":"SignalHandler","msg":"Finished shutting down journal flusher thread"}
{"t":{"$date":"2022-03-24T16:09:07.416+00:00"},"s":"I",  "c":"STORAGE",  "id":22322,   "ctx":"SignalHandler","msg":"Shutting down checkpoint thread"}
{"t":{"$date":"2022-03-24T16:09:07.416+00:00"},"s":"I",  "c":"STORAGE",  "id":22323,   "ctx":"SignalHandler","msg":"Finished shutting down checkpoint thread"}
{"t":{"$date":"2022-03-24T16:09:07.416+00:00"},"s":"I",  "c":"STORAGE",  "id":20282,   "ctx":"SignalHandler","msg":"Deregistering all the collections"}
{"t":{"$date":"2022-03-24T16:09:07.416+00:00"},"s":"I",  "c":"STORAGE",  "id":22261,   "ctx":"SignalHandler","msg":"Timestamp monitor shutting down"}
{"t":{"$date":"2022-03-24T16:09:07.416+00:00"},"s":"I",  "c":"STORAGE",  "id":22317,   "ctx":"SignalHandler","msg":"WiredTigerKVEngine shutting down"}
{"t":{"$date":"2022-03-24T16:09:07.416+00:00"},"s":"I",  "c":"STORAGE",  "id":22318,   "ctx":"SignalHandler","msg":"Shutting down session sweeper thread"}
{"t":{"$date":"2022-03-24T16:09:07.416+00:00"},"s":"I",  "c":"STORAGE",  "id":22319,   "ctx":"SignalHandler","msg":"Finished shutting down session sweeper thread"}
{"t":{"$date":"2022-03-24T16:09:07.427+00:00"},"s":"I",  "c":"STORAGE",  "id":4795902, "ctx":"SignalHandler","msg":"Closing WiredTiger","attr":{"closeConfig":"leak_memory=true,"}}
{"t":{"$date":"2022-03-24T16:09:07.429+00:00"},"s":"I",  "c":"STORAGE",  "id":22430,   "ctx":"SignalHandler","msg":"WiredTiger message","attr":{"message":"[1648138147:429397][1:0x7f0ac1845700], close_ckpt: [WT_VERB_CHECKPOINT_PROGRESS] saving checkpoint snapshot min: 35, snapshot max: 35 snapshot count: 0, oldest timestamp: (0, 0) , meta checkpoint timestamp: (0, 0) base write gen: 1"}}
{"t":{"$date":"2022-03-24T16:09:07.509+00:00"},"s":"I",  "c":"STORAGE",  "id":4795901, "ctx":"SignalHandler","msg":"WiredTiger closed","attr":{"durationMillis":82}}
{"t":{"$date":"2022-03-24T16:09:07.510+00:00"},"s":"I",  "c":"STORAGE",  "id":22279,   "ctx":"SignalHandler","msg":"shutdown: removing fs lock..."}
{"t":{"$date":"2022-03-24T16:09:07.510+00:00"},"s":"I",  "c":"-",        "id":4784931, "ctx":"SignalHandler","msg":"Dropping the scope cache for shutdown"}
{"t":{"$date":"2022-03-24T16:09:07.510+00:00"},"s":"I",  "c":"FTDC",     "id":4784926, "ctx":"SignalHandler","msg":"Shutting down full-time data capture"}
{"t":{"$date":"2022-03-24T16:09:07.510+00:00"},"s":"I",  "c":"FTDC",     "id":20626,   "ctx":"SignalHandler","msg":"Shutting down full-time diagnostic data capture"}
{"t":{"$date":"2022-03-24T16:09:07.512+00:00"},"s":"I",  "c":"CONTROL",  "id":20565,   "ctx":"SignalHandler","msg":"Now exiting"}
{"t":{"$date":"2022-03-24T16:09:07.513+00:00"},"s":"I",  "c":"CONTROL",  "id":23138,   "ctx":"SignalHandler","msg":"Shutting down","attr":{"exitCode":0}}
^C]0;rasmusniemi@DESKTOP-NP0L24S: ~/full-stack-mooc/part12-containers-applications/todo-app/todo-backend[01;32mrasmusniemi@DESKTOP-NP0L24S[00m:[01;34m~/full-stack-mooc/part12-containers-applications/todo-app/todo-backend[00m$ docker run mongo[A[C[C[C[C[C[C[C[C[C[C[C[C[C[C[C[C[C[C[C[C[C[C[C[C[C[C[C[C[C[C[C[C[C[C[C[C[C[C[C[C[C[C[C[C[C[C[C[C[C[C[C[C[C[C[C[C[C[C[C[C[C[C[C[C[C[C[C[C[C[C[C[C[C[C[C[C[C[C[C[C[C[C[C[C[C[C[C[C[C[C[C[C[C[C[C[C[C[C[C[C[C[C[C[C[C[C[C[C[C[C[C[C[C ongo[A]0;rasmusniemi@DESKTOP-NP0L24S: ~/full-stack-mooc/part12-containers-applications/todo-app/todo-backend[01;32mrasmusniemi@DESKTOP-NP0L24S[00m:[01;34m~/full-stack-mooc/part12-containers-applications/todo-app/todo-backend[00m$ [C[C[C[C[C[C[C[C[C[C[C[C[C-ongodongo[C
Unable to find image 'm:latest' locally
^[[A^C]0;rasmusniemi@DESKTOP-NP0L24S: ~/full-stack-mooc/part12-containers-applications/todo-app/todo-backend[01;32mrasmusniemi@DESKTOP-NP0L24S[00m:[01;34m~/full-stack-mooc/part12-containers-applications/todo-app/todo-backend[00m$ docker run m -dongo[1Pongodongo[C[A]0;rasmusniemi@DESKTOP-NP0L24S: ~/full-stack-mooc/part12-containers-applications/todo-app/todo-backend[01;32mrasmusniemi@DESKTOP-NP0L24S[00m:[01;34m~/full-stack-mooc/part12-containers-applications/todo-app/todo-backend[00m$ [K
[K[A[C[C[C[C[C[C[C[C[C[C[C[C[C[C[C[C[C[C[C[C[C[C[C[C[C[C[C[C[C[C[C[C[C[C[C[C[C[C[C[C[C[C[C[C[C[C[C[C[C[C[C[C[C[C[C[C[C[C[C[C[C[C[C[C[C[C[C[C[C[C[C[C[C[C[C[C[C[C[C[C[C[C[C[C[C[C[C[C[C[C[C[C[C[C[C[C[C[C[C[Cdocker run m -dongo[1Pongo[A[C[C[C[C[C[C[C[C[C[C[C[C[C[C[C[C[C[C[C[C[C[C[C[C[C[C[C[C[C[C[C[C[C[C[C[C[C[C[C[C[C[C[C[C[C[C[C[C[C[C[C[C[C[C[C[C[C[C[C[C[C[C[C[C[C[C[C[C[C[C[C[C[C[C[C[C[C[C[C[C[C[C[C[C[C[C[C[C[C[C[C[C[C[C[C[C[C[C[C[C[C[C[C[C[C[C[C[C[C[C[C[C[Con[1Pgo[A]0;rasmusniemi@DESKTOP-NP0L24S: ~/full-stack-mooc/part12-containers-applications/todo-app/todo-backend[01;32mrasmusniemi@DESKTOP-NP0L24S[00m:[01;34m~/full-stack-mooc/part12-containers-applications/todo-app/todo-backend[00m$ [C[C[C[C[C[C[C[C[C[C[C[C[Cong[1Po[A]0;rasmusniemi@DESKTOP-NP0L24S: ~/full-stack-mooc/part12-containers-applications/todo-app/todo-backend[01;32mrasmusniemi@DESKTOP-NP0L24S[00m:[01;34m~/full-stack-mooc/part12-containers-applications/todo-app/todo-backend[00m$ [C[C[C[C[C[C[C[C[C[C[C[Congo[K[A]0;rasmusniemi@DESKTOP-NP0L24S: ~/full-stack-mooc/part12-containers-applications/todo-app/todo-backend[01;32mrasmusniemi@DESKTOP-NP0L24S[00m:[01;34m~/full-stack-mooc/part12-containers-applications/todo-app/todo-backend[00m$ [C[C[C[C[C[C[C[C[C[C[C-ongo[A]0;rasmusniemi@DESKTOP-NP0L24S: ~/full-stack-mooc/part12-containers-applications/todo-app/todo-backend[01;32mrasmusniemi@DESKTOP-NP0L24S[00m:[01;34m~/full-stack-mooc/part12-containers-applications/todo-app/todo-backend[00m$ [C[C[C[C[C[C[C[C[C[C[C[Cdongo[A]0;rasmusniemi@DESKTOP-NP0L24S: ~/full-stack-mooc/part12-containers-applications/todo-app/todo-backend[01;32mrasmusniemi@DESKTOP-NP0L24S[00m:[01;34m~/full-stack-mooc/part12-containers-applications/todo-app/todo-backend[00m$ [C[C[C[C[C[C[C[C[C[C[C[C[C ongomongo[C
2c1b8749cf570b874098f01ffb31ad3bb938c827acf0b0341675a2c7ac70cc77
]0;rasmusniemi@DESKTOP-NP0L24S: ~/full-stack-mooc/part12-containers-applications/todo-app/todo-backend[01;32mrasmusniemi@DESKTOP-NP0L24S[00m:[01;34m~/full-stack-mooc/part12-containers-applications/todo-app/todo-backend[00m$ docker run -d mongo[A]0;rasmusniemi@DESKTOP-NP0L24S: ~/full-stack-mooc/part12-containers-applications/todo-app/todo-backend[01;32mrasmusniemi@DESKTOP-NP0L24S[00m:[01;34m~/full-stack-mooc/part12-containers-applications/todo-app/todo-backend[00m$ [K
[K[A[C[C[C[C[C[C[C[C[C[C[C[C[C[C[C[C[C[C[C[C[C[C[C[C[C[C[C[C[C[C[C[C[C[C[C[C[C[C[C[C[C[C[C[C[C[C[C[C[C[C[C[C[C[C[C[C[C[C[C[C[C[C[C[C[C[C[C[C[C[C[C[C[C[C[C[C[C[C[C[C[C[C[C[C[C[C[C[C[C[C[C[C[C[C[C[C[C[C[C[Cdocker contain er ls
CONTAINER ID   IMAGE      COMMAND                  CREATED          STATUS          PORTS                     NAMES
2c1b8749cf57   mongo      "docker-entrypoint.s…"   10 seconds ago   Up 8 seconds    27017/tcp                 naughty_kilby
1abd04618ec7   mongo      "docker-entrypoint.s…"   6 minutes ago    Up 6 minutes    27017/tcp                 elated_hofstadter
4aabf5b7be10   mongo      "docker-entrypoint.s…"   20 hours ago     Up 11 minutes   0.0.0.0:3456->27017/tcp   todo-backend-mongo-1
0862f18e6edc   todo-app   "docker-entrypoint.s…"   7 days ago       Up 11 minutes   0.0.0.0:3000->3000/tcp    todo-backend-app-1
83152084f10b   todo-app   "docker-entrypoint.s…"   7 days ago       Up 7 days                                 interesting_kilby
]0;rasmusniemi@DESKTOP-NP0L24S: ~/full-stack-mooc/part12-containers-applications/todo-app/todo-backend[01;32mrasmusniemi@DESKTOP-NP0L24S[00m:[01;34m~/full-stack-mooc/part12-containers-applications/todo-app/todo-backend[00m$ docker exec -i t monh[Kfo[K[Kgo bash
Error: No such container: mongo
]0;rasmusniemi@DESKTOP-NP0L24S: ~/full-stack-mooc/part12-containers-applications/todo-app/todo-backend[01;32mrasmusniemi@DESKTOP-NP0L24S[00m:[01;34m~/full-stack-mooc/part12-containers-applications/todo-app/todo-backend[00m$ docker exec -it mongo bash[A]0;rasmusniemi@DESKTOP-NP0L24S: ~/full-stack-mooc/part12-containers-applications/todo-app/todo-backend[01;32mrasmusniemi@DESKTOP-NP0L24S[00m:[01;34m~/full-stack-mooc/part12-containers-applications/todo-app/todo-backend[00m$ [K
[K[A[C[C[C[C[C[C[C[C[C[C[C[C[C[C[C[C[C[C[C[C[C[C[C[C[C[C[C[C[C[C[C[C[C[C[C[C[C[C[C[C[C[C[C[C[C[C[C[C[C[C[C[C[C[C[C[C[C[C[C[C[C[C[C[C[C[C[C[C[C[C[C[C[C[C[C[C[C[C[C[C[C[C[C[C[C[C[C[C[C[C[C[C[C[C[C[C[C[C[C[Cdocker exec -it mongo bash[K[A]0;rasmusniemi@DESKTOP-NP0L24S: ~/full-stack-mooc/part12-containers-applications/todo-app/todo-backend[01;32mrasmusniemi@DESKTOP-NP0L24S[00m:[01;34m~/full-stack-mooc/part12-containers-applications/todo-app/todo-backend[00m$ docker exec -it mongo bash[K[A]0;rasmusniemi@DESKTOP-NP0L24S: ~/full-stack-mooc/part12-containers-applications/todo-app/todo-backend[01;32mrasmusniemi@DESKTOP-NP0L24S[00m:[01;34m~/full-stack-mooc/part12-containers-applications/todo-app/todo-backend[00m$ docker exec -it mongo bash[K[A]0;rasmusniemi@DESKTOP-NP0L24S: ~/full-stack-mooc/part12-containers-applications/todo-app/todo-backend[01;32mrasmusniemi@DESKTOP-NP0L24S[00m:[01;34m~/full-stack-mooc/part12-containers-applications/todo-app/todo-backend[00m$ docker exec -it mongo bash[K[A]0;rasmusniemi@DESKTOP-NP0L24S: ~/full-stack-mooc/part12-containers-applications/todo-app/todo-backend[01;32mrasmusniemi@DESKTOP-NP0L24S[00m:[01;34m~/full-stack-mooc/part12-containers-applications/todo-app/todo-backend[00m$ docker exec -it mongo bash[K]0;rasmusniemi@DESKTOP-NP0L24S: ~/full-stack-mooc/part12-containers-applications/todo-app/todo-backend[01;32mrasmusniemi@DESKTOP-NP0L24S[00m:[01;34m~/full-stack-mooc/part12-containers-applications/todo-app/todo-backend[00m$ docker exec -it mongo bash[K]0;rasmusniemi@DESKTOP-NP0L24S: ~/full-stack-mooc/part12-containers-applications/todo-app/todo-backend[01;32mrasmusniemi@DESKTOP-NP0L24S[00m:[01;34m~/full-stack-mooc/part12-containers-applications/todo-app/todo-backend[00m$ docker exec -it mongo bash[K]0;rasmusniemi@DESKTOP-NP0L24S: ~/full-stack-mooc/part12-containers-applications/todo-app/todo-backend[01;32mrasmusniemi@DESKTOP-NP0L24S[00m:[01;34m~/full-stack-mooc/part12-containers-applications/todo-app/todo-backend[00m$ docker exec -it mongo bash[1P bash[1P bash[1P bash[1P bash[1P bashnaughty_kilby bash[1P bash[1P bash[1P bash[1P bash[1P bash[1P bash[1P bash[1P bash[1P bash[1P bash[1P bash[1P bash[1P bashtodo-backend-mon bashgo-1 bash
]0;root@4aabf5b7be10: /root@4aabf5b7be10:/# mongo -u root -p example
MongoDB shell version v5.0.6
connecting to: mongodb://127.0.0.1:27017/?compressors=disabled&gssapiServiceName=mongodb
Implicit session: session { "id" : UUID("5f706af7-cd18-40e2-96e6-616b43fb4e54") }
MongoDB server version: 5.0.6
================
Warning: the "mongo" shell has been superseded by "mongosh",
which delivers improved usability and compatibility.The "mongo" shell has been deprecated and will be removed in
an upcoming release.
For installation instructions, see
https://docs.mongodb.com/mongodb-shell/install/
================
Welcome to the MongoDB shell.
For interactive help, type "help".
For more comprehensive documentation, see
	https://docs.mongodb.com/
Questions? Try the MongoDB Developer Community Forums
	https://community.mongodb.com
---
The server generated these startup warnings when booting: 
        2022-03-24T15:58:04.967+00:00: Using the XFS filesystem is strongly recommended with the WiredTiger storage engine. See http://dochub.mongodb.org/core/prodnotes-filesystem
        2022-03-24T15:58:06.501+00:00: /sys/kernel/mm/transparent_hugepage/enabled is 'always'. We suggest setting it to 'never'
---
---
        Enable MongoDB's free cloud-based monitoring service, which will then receive and display
        metrics about your deployment (disk utilization, CPU, operation statistics, etc).

        The monitoring data will be available on a MongoDB website with a unique URL accessible to you
        and anyone you share the URL with. MongoDB may use this information to make product
        improvements and to suggest MongoDB products and deployment options to you.

        To enable free monitoring, run the following command: db.enableFreeMonitoring()
        To permanently disable this reminder, run the following command: db.disableFreeMonitoring()
---
> show dbs[3G[Jshow dbs[11G
admin         0.000GB
config        0.000GB
local         0.000GB
the_database  0.000GB
> > use the_database[3G[J> use the_database[21G
uncaught exception: SyntaxError: expected expression, got '>' :
@(shell):1:0
> use the_database[3G[Juse the_database[19G
switched to db the_database
> show collections[3G[Jshow collections[19G
todos
> db.todos.find({})[3G[Jdb.todos.find({})[20G
{ "_id" : ObjectId("623b833facae3c753f21500b"), "text" : "Write code", "done" : true }
{ "_id" : ObjectId("623b833facae3c753f21500c"), "text" : "Learn about containers", "done" : false }
> db.todos.insert({"text": "inside mongo cli", "done": "true"})[3G[Jdb.todos.insert[1;34m([0m{"text": "inside mongo cli", "done": "true"})[63G[3G[Jdb.todos.insert([1;34m{[0m"text": "inside mongo cli", "done": "true"})[62G[3G[Jdb.todos.insert({"text": "inside mongo cli", "done": "true"})[61G[3G[Jdb.todos.insert({"text": "inside mongo cli", "done": "true"})[60G[3G[Jdb.todos.insert({"text": "inside mongo cli", "done": "true"})[59G[3G[Jdb.todos.insert({"text": "inside mongo cli", "done": "true"})[58G[3G[Jdb.todos.insert({"text": "inside mongo cli", "done": "true"})[57G[3G[Jdb.todos.insert({"text": "inside mongo cli", "done": "true"})[56G[3G[Jdb.todos.insert({"text": "inside mongo cli", "done": "true"})[55G[3G[Jdb.todos.insert({"text": "inside mongo cli", "done": "true"})[54G[3G[Jdb.todos.insert({"text": "inside mongo cli", "done": "true"})[53G[3G[Jdb.todos.insert({"text": "inside mongo cli", "done": "true"})[52G[3G[Jdb.todos.insert({"text": "inside mongo cli", "done": "true"})[51G[3G[Jdb.todos.insert({"text": "inside mongo cli", "done": "true"})[50G[3G[Jdb.todos.insert({"text": "inside mongo cli", "done": "true"})[49G[3G[Jdb.todos.insert({"text": "inside mongo cli", "done": "true"})[48G[3G[Jdb.todos.insert({"text": "inside mongo cli", "done": "true"})[47G[3G[Jdb.todos.insert({"text": "inside mongo cli", "done": "true"})[46G[3G[Jdb.todos.insert({"text": "inside mongo cli", "done": "true"})[45G[3G[Jdb.todos.insert({"text": "inside mongo cli", "done": "true"})[44G[3G[Jdb.todos.insert({"text": "inside mongo cli", "done": "true"})[45G[3G[Jdb.todos.insert({"text": "inside mongo cl", "done": "true"})[44G[3G[Jdb.todos.insert({"text": "inside mongo c", "done": "true"})[43G[3G[Jdb.todos.insert({"text": "inside mongo ", "done": "true"})[42G[3G[Jdb.todos.insert({"text": "inside mongo", "done": "true"})[41G[3G[Jdb.todos.insert({"text": "inside mong", "done": "true"})[40G[3G[Jdb.todos.insert({"text": "inside mon", "done": "true"})[39G[3G[Jdb.todos.insert({"text": "inside mo", "done": "true"})[38G[3G[Jdb.todos.insert({"text": "inside m", "done": "true"})[37G[3G[Jdb.todos.insert({"text": "inside ", "done": "true"})[36G[3G[Jdb.todos.insert({"text": "inside", "done": "true"})[35G[3G[Jdb.todos.insert({"text": "insid", "done": "true"})[34G[3G[Jdb.todos.insert({"text": "insi", "done": "true"})[33G[3G[Jdb.todos.insert({"text": "ins", "done": "true"})[32G[3G[Jdb.todos.insert({"text": "in", "done": "true"})[31G[3G[Jdb.todos.insert({"text": "i", "done": "true"})[30G[3G[Jdb.todos.insert({"text": "", "done": "true"})[29G[3G[Jdb.todos.insert({"text": "", "done": "true"})[28G[3G[Jdb.todos.insert({"text": "", "done": "true"})[29G[3G[Jdb.todos.insert({"text": "I", "done": "true"})[30G[3G[Jdb.todos.insert({"text": "In", "done": "true"})[31G[3G[Jdb.todos.insert({"text": "Inc", "done": "true"})[32G[3G[Jdb.todos.insert({"text": "Incr", "done": "true"})[33G[3G[Jdb.todos.insert({"text": "Incre", "done": "true"})[34G[3G[Jdb.todos.insert({"text": "Increa", "done": "true"})[35G[3G[Jdb.todos.insert({"text": "Increas", "done": "true"})[36G[3G[Jdb.todos.insert({"text": "Increase", "done": "true"})[37G[3G[Jdb.todos.insert({"text": "Increase ", "done": "true"})[38G[3G[Jdb.todos.insert({"text": "Increase t", "done": "true"})[39G[3G[Jdb.todos.insert({"text": "Increase th", "done": "true"})[40G[3G[Jdb.todos.insert({"text": "Increase the", "done": "true"})[41G[3G[Jdb.todos.insert({"text": "Increase the ", "done": "true"})[42G[3G[Jdb.todos.insert({"text": "Increase the n", "done": "true"})[43G[3G[Jdb.todos.insert({"text": "Increase the nu", "done": "true"})[44G[3G[Jdb.todos.insert({"text": "Increase the num", "done": "true"})[45G[3G[Jdb.todos.insert({"text": "Increase the numb", "done": "true"})[46G[3G[Jdb.todos.insert({"text": "Increase the numbe", "done": "true"})[47G[3G[Jdb.todos.insert({"text": "Increase the number", "done": "true"})[48G[3G[Jdb.todos.insert({"text": "Increase the number ", "done": "true"})[49G[3G[Jdb.todos.insert({"text": "Increase the number o", "done": "true"})[50G[3G[Jdb.todos.insert({"text": "Increase the number of", "done": "true"})[51G[3G[Jdb.todos.insert({"text": "Increase the number of ", "done": "true"})[52G[3G[Jdb.todos.insert({"text": "Increase the number of t", "done": "true"})[53G[3G[Jdb.todos.insert({"text": "Increase the number of to", "done": "true"})[54G[3G[Jdb.todos.insert({"text": "Increase the number of too", "done": "true"})[55G[3G[Jdb.todos.insert({"text": "Increase the number of tool", "done": "true"})[56G[3G[Jdb.todos.insert({"text": "Increase the number of tools", "done": "true"})[57G[3G[Jdb.todos.insert({"text": "Increase the number of tools ", "done": "true"})[58G[3G[Jdb.todos.insert({"text": "Increase the number of tools i", "done": "true"})[59G[3G[Jdb.todos.insert({"text": "Increase the number of tools in", "done": "true"})[60G[3G[Jdb.todos.insert({"text": "Increase the number of tools in ", "done": "true"})[61G[3G[Jdb.todos.insert({"text": "Increase the number of tools in m", "done": "true"})[62G[3G[Jdb.todos.insert({"text": "Increase the number of tools in my", "done": "true"})[63G[3G[Jdb.todos.insert({"text": "Increase the number of tools in my ", "done": "true"})[64G[3G[Jdb.todos.insert({"text": "Increase the number of tools in my t", "done": "true"})[65G[3G[Jdb.todos.insert({"text": "Increase the number of tools in my to", "done": "true"})[66G[3G[Jdb.todos.insert({"text": "Increase the number of tools in my too", "done": "true"})[67G[3G[Jdb.todos.insert({"text": "Increase the number of tools in my tool", "done": "true"})[68G[3G[Jdb.todos.insert({"text": "Increase the number of tools in my toolb", "done": "true"})[69G[3G[Jdb.todos.insert({"text": "Increase the number of tools in my toolbe", "done": "true"})[70G[3G[Jdb.todos.insert({"text": "Increase the number of tools in my toolbel", "done": "true"})[71G[3G[Jdb.todos.insert({"text": "Increase the number of tools in my toolbelt", "done": "true"})[72G[3G[Jdb.todos.insert({"text": "Increase the number of tools in my toolbelt", "done": "true"})[91G
WriteResult({ "nInserted" : 1 })
> [3G[Jdb.todos.insert({"text": "Increase the number of tools in my toolbelt", "done": "true"})[91G[3G[Jdb.todos.find({})[20G[3G[Jdb.todos.find({})[20G
{ "_id" : ObjectId("623b833facae3c753f21500b"), "text" : "Write code", "done" : true }
{ "_id" : ObjectId("623b833facae3c753f21500c"), "text" : "Learn about containers", "done" : false }
{ "_id" : ObjectId("623c987fbefb7bc05eeaac7f"), "text" : "Increase the number of tools in my toolbelt", "done" : "true" }
> exit[3G[Jexit[7G
bye
]0;root@4aabf5b7be10: /root@4aabf5b7be10:/# exit
exit
]0;rasmusniemi@DESKTOP-NP0L24S: ~/full-stack-mooc/part12-containers-applications/todo-app/todo-backend[01;32mrasmusniemi@DESKTOP-NP0L24S[00m:[01;34m~/full-stack-mooc/part12-containers-applications/todo-app/todo-backend[00m$ exit
exit

Script done on 2022-03-24 18:13:23+02:00 [COMMAND_EXIT_CODE="0"]
